// Jest Snapshot v1, https://goo.gl/fbAQLP

exports[`Caixa Branca - getFileData Mostra uma mensagem de erro humana 1`] = `"Não foi possível abrir o arquivo de dados. Confira se o arquvio existe e se caminho informado está correto."`;

exports[`Caixa Branca - getFileData Retorna os dados certos se passa um caminho válido 1`] = `
"5
4 498 500 498 498
10 60 60 70 70 70 70 80 90 90 100
5 200 190 180 170 160
2 1000 900
4 20 20 20 20
"
`;
